// Jest Snapshot v1, https://goo.gl/fbAQLP

exports[`Navbar tests Navbar component rendered correctly 1`] = `
Object {
  "asFragment": [Function],
  "baseElement": <body>
    <div>
      <nav
        class="sc-dlnjwi fgzHqQ"
      >
        <a
          class="sc-hKFxyN kWmvFd"
          data-testid="navbar-episodes-route"
          href="/"
        >
          By Episodes
        </a>
        <a
          class="sc-hKFxyN kWmvFd"
          data-testid="navbar-locations-route"
          href="/locations"
        >
          By Locations
        </a>
      </nav>
    </div>
  </body>,
  "container": <div>
    <nav
      class="sc-dlnjwi fgzHqQ"
    >
      <a
        class="sc-hKFxyN kWmvFd"
        data-testid="navbar-episodes-route"
        href="/"
      >
        By Episodes
      </a>
      <a
        class="sc-hKFxyN kWmvFd"
        data-testid="navbar-locations-route"
        href="/locations"
      >
        By Locations
      </a>
    </nav>
  </div>,
  "debug": [Function],
  "findAllByAltText": [Function],
  "findAllByDisplayValue": [Function],
  "findAllByLabelText": [Function],
  "findAllByPlaceholderText": [Function],
  "findAllByRole": [Function],
  "findAllByTestId": [Function],
  "findAllByText": [Function],
  "findAllByTitle": [Function],
  "findByAltText": [Function],
  "findByDisplayValue": [Function],
  "findByLabelText": [Function],
  "findByPlaceholderText": [Function],
  "findByRole": [Function],
  "findByTestId": [Function],
  "findByText": [Function],
  "findByTitle": [Function],
  "getAllByAltText": [Function],
  "getAllByDisplayValue": [Function],
  "getAllByLabelText": [Function],
  "getAllByPlaceholderText": [Function],
  "getAllByRole": [Function],
  "getAllByTestId": [Function],
  "getAllByText": [Function],
  "getAllByTitle": [Function],
  "getByAltText": [Function],
  "getByDisplayValue": [Function],
  "getByLabelText": [Function],
  "getByPlaceholderText": [Function],
  "getByRole": [Function],
  "getByTestId": [Function],
  "getByText": [Function],
  "getByTitle": [Function],
  "queryAllByAltText": [Function],
  "queryAllByDisplayValue": [Function],
  "queryAllByLabelText": [Function],
  "queryAllByPlaceholderText": [Function],
  "queryAllByRole": [Function],
  "queryAllByTestId": [Function],
  "queryAllByText": [Function],
  "queryAllByTitle": [Function],
  "queryByAltText": [Function],
  "queryByDisplayValue": [Function],
  "queryByLabelText": [Function],
  "queryByPlaceholderText": [Function],
  "queryByRole": [Function],
  "queryByTestId": [Function],
  "queryByText": [Function],
  "queryByTitle": [Function],
  "rerender": [Function],
  "unmount": [Function],
}
`;
